// Jest Snapshot v1, https://goo.gl/fbAQLP

exports[`Official site banner component matches snapshot @snapshot 1`] = `[Function]`;
