// Jest Snapshot v1, https://goo.gl/fbAQLP

exports[`Login Button matches snapshot 1`] = `
<DocumentFragment>
  <div
    class="root"
  >
    <button
      class="usa-button usa-button--big"
    >
      API Test
    </button>
  </div>
</DocumentFragment>
`;
